2026-03-18 12:41:58 | INFO     | Запуск ChurnGuard v1.0.0 → http://127.0.0.1:5000
2026-03-18 12:42:02 | INFO     | Запуск ChurnGuard v1.0.0 → http://127.0.0.1:5000
2026-03-18 12:43:30 | INFO     | Запуск ChurnGuard v1.0.0 → http://127.0.0.1:5000
2026-03-18 12:43:33 | INFO     | Запуск ChurnGuard v1.0.0 → http://127.0.0.1:5000
2026-03-18 12:45:28 | INFO     | Запуск ChurnGuard v1.0.0 → http://127.0.0.1:5000
2026-03-18 12:45:31 | INFO     | Запуск ChurnGuard v1.0.0 → http://127.0.0.1:5000
2026-03-18 12:49:10 | INFO     | Дані згенеровано: 300 клієнтів, відтік=138
2026-03-18 12:49:13 | INFO     | Навчання моделі: Random Forest
2026-03-18 12:49:13 | ERROR    | train: module 'modules.charts' has no attribute 'build'
Traceback (most recent call last):
  File "C:\Users\tkach\PycharmProjects\roc3\modules\routes.py", line 69, in train
    chart   = charts_module.build(model.metrics, model.roc_data)
              ^^^^^^^^^^^^^^^^^^^
AttributeError: module 'modules.charts' has no attribute 'build'

2026-03-18 12:49:43 | INFO     | Дані згенеровано: 300 клієнтів, відтік=138
2026-03-18 12:49:49 | INFO     | Навчання моделі: Random Forest
2026-03-18 12:49:49 | ERROR    | train: module 'modules.charts' has no attribute 'build'
Traceback (most recent call last):
  File "C:\Users\tkach\PycharmProjects\roc3\modules\routes.py", line 69, in train
    chart   = charts_module.build(model.metrics, model.roc_data)
              ^^^^^^^^^^^^^^^^^^^
AttributeError: module 'modules.charts' has no attribute 'build'

2026-03-18 12:50:53 | INFO     | Запуск ChurnGuard v1.0.0 → http://127.0.0.1:5000
2026-03-18 12:51:05 | INFO     | Дані згенеровано: 300 клієнтів, відтік=138
2026-03-18 12:51:06 | INFO     | Навчання моделі: Random Forest
2026-03-18 12:51:07 | INFO     | Навчання завершено: AUC=0.6496, Accuracy=0.5833 | Звіт: reports\report_20260318_125107.json
2026-03-18 12:52:01 | INFO     | Дані згенеровано: 300 клієнтів, відтік=138
2026-03-18 12:52:19 | INFO     | Дані згенеровано: 300 клієнтів, відтік=138
2026-03-18 12:52:20 | INFO     | Дані згенеровано: 300 клієнтів, відтік=138
2026-03-18 12:52:22 | INFO     | Дані згенеровано: 300 клієнтів, відтік=138
2026-03-18 12:52:24 | INFO     | Навчання моделі: Random Forest
2026-03-18 12:52:25 | INFO     | Навчання завершено: AUC=0.6496, Accuracy=0.5833 | Звіт: reports\report_20260318_125225.json
2026-03-18 12:53:06 | INFO     | Прогноз: P=0.4900, Ризик=Середній
2026-03-18 12:55:32 | INFO     | Дані згенеровано: 300 клієнтів, відтік=138
2026-03-18 12:55:33 | INFO     | Навчання моделі: Random Forest
2026-03-18 12:55:33 | INFO     | Навчання завершено: AUC=0.6496, Accuracy=0.5833 | Звіт: reports\report_20260318_125533.json
2026-03-18 12:58:39 | INFO     | Дані згенеровано: 500 клієнтів, відтік=221
2026-03-18 12:58:41 | INFO     | Навчання моделі: Random Forest
2026-03-18 12:58:42 | INFO     | Навчання завершено: AUC=0.6412, Accuracy=0.64 | Звіт: reports\report_20260318_125842.json
2026-03-18 13:09:21 | INFO     | Дані згенеровано: 300 клієнтів, відтік=138
2026-03-18 13:09:59 | INFO     | Дані згенеровано: 300 клієнтів, відтік=138
2026-03-18 13:10:05 | INFO     | Навчання моделі: Random Forest
2026-03-18 13:10:05 | INFO     | Навчання завершено: AUC=0.6496, Accuracy=0.5833 | Звіт: reports\report_20260318_131005.json
2026-03-18 13:10:58 | INFO     | Дані згенеровано: 500 клієнтів, відтік=221
2026-03-18 13:10:59 | INFO     | Навчання моделі: Random Forest
2026-03-18 13:11:00 | INFO     | Навчання завершено: AUC=0.6412, Accuracy=0.64 | Звіт: reports\report_20260318_131100.json
2026-03-18 13:15:28 | INFO     | Дані згенеровано: 500 клієнтів, відтік=221
2026-03-18 13:15:30 | INFO     | Навчання моделі: Random Forest
2026-03-18 13:15:31 | INFO     | Навчання завершено: AUC=0.6412, Accuracy=0.64 | Звіт: reports\report_20260318_131531.json
2026-03-18 13:17:48 | INFO     | Дані згенеровано: 500 клієнтів, відтік=221
2026-03-18 13:17:55 | INFO     | Навчання моделі: Random Forest
2026-03-18 13:17:56 | INFO     | Навчання завершено: AUC=0.6412, Accuracy=0.64 | Звіт: reports\report_20260318_131756.json
2026-03-18 13:20:48 | INFO     | Дані згенеровано: 500 клієнтів, відтік=221
2026-03-18 13:20:56 | INFO     | Навчання моделі: Random Forest
2026-03-18 13:20:57 | INFO     | Навчання завершено: AUC=0.6412, Accuracy=0.64 | Звіт: reports\report_20260318_132057.json
2026-03-18 13:21:28 | INFO     | Прогноз: P=0.4100, Ризик=Середній
2026-03-18 13:25:47 | INFO     | Дані згенеровано: 500 клієнтів, відтік=221
2026-03-18 13:25:52 | INFO     | Навчання моделі: Random Forest
2026-03-18 13:25:53 | INFO     | Навчання завершено: AUC=0.6412, Accuracy=0.64 | Звіт: reports\report_20260318_132553.json
2026-03-18 13:25:54 | INFO     | Дані згенеровано: 300 клієнтів, відтік=138
2026-03-18 13:25:55 | INFO     | Навчання моделі: Random Forest
2026-03-18 13:25:56 | INFO     | Навчання завершено: AUC=0.6496, Accuracy=0.5833 | Звіт: reports\report_20260318_132556.json
2026-03-18 13:26:00 | INFO     | Дані згенеровано: 100 клієнтів, відтік=47
2026-03-18 13:26:01 | INFO     | Дані згенеровано: 100 клієнтів, відтік=47
2026-03-18 13:26:03 | INFO     | Навчання моделі: Random Forest
2026-03-18 13:26:03 | INFO     | Навчання завершено: AUC=0.5101, Accuracy=0.55 | Звіт: reports\report_20260318_132603.json
2026-03-18 13:46:36 | INFO     | Дані згенеровано: 3000 клієнтів, відтік=1344
2026-03-18 13:46:38 | INFO     | Навчання моделі: Random Forest
2026-03-18 13:46:39 | INFO     | Навчання завершено: AUC=0.6206, Accuracy=0.5967 | Звіт: reports\report_20260318_134639.json
2026-03-24 16:40:06 | INFO     | Запуск ChurnGuard v1.0.0 → http://127.0.0.1:5000
2026-03-24 16:40:10 | INFO     | Запуск ChurnGuard v1.0.0 → http://127.0.0.1:5000
2026-03-24 16:40:13 | INFO     | Дані згенеровано: 300 клієнтів, відтік=138
2026-03-24 16:40:14 | INFO     | Навчання моделі: Random Forest
2026-03-24 16:40:16 | INFO     | Навчання завершено: AUC=0.6496, Accuracy=0.5833 | Звіт: reports\report_20260324_164016.json
2026-03-24 19:30:10 | INFO     | Запуск ChurnGuard v1.0.0 → http://127.0.0.1:5000
2026-03-24 19:30:14 | INFO     | Запуск ChurnGuard v1.0.0 → http://127.0.0.1:5000
2026-03-24 19:31:07 | INFO     | Запуск ChurnGuard v1.0.0 → http://127.0.0.1:5000
2026-03-24 19:31:10 | INFO     | Запуск ChurnGuard v1.0.0 → http://127.0.0.1:5000
2026-03-24 19:31:15 | INFO     | Дані згенеровано: 300 клієнтів, відтік=138
2026-03-24 19:31:20 | INFO     | Навчання моделі: Random Forest
2026-03-24 19:31:21 | INFO     | Навчання завершено: AUC=0.6496, Accuracy=0.5833 | Звіт: reports\report_20260324_193121.json
2026-03-24 19:31:31 | INFO     | Дані згенеровано: 300 клієнтів, відтік=138
2026-03-24 19:31:47 | INFO     | Дані згенеровано: 400 клієнтів, відтік=163
2026-03-24 19:39:35 | INFO     | Дані згенеровано: 300 клієнтів, відтік=138
2026-03-24 19:57:42 | INFO     | Запуск ChurnGuard v1.0.0 → http://127.0.0.1:5000
2026-03-24 19:57:46 | INFO     | Запуск ChurnGuard v1.0.0 → http://127.0.0.1:5000
2026-03-24 19:57:53 | INFO     | Дані згенеровано: 300 клієнтів, відтік=138
2026-03-24 19:57:58 | INFO     | Навчання моделі: Random Forest
2026-03-24 19:57:59 | INFO     | Навчання завершено: AUC=0.6496, Accuracy=0.5833 | Звіт: reports\report_20260324_195759.json
2026-03-24 19:58:04 | INFO     | Дані згенеровано: 500 клієнтів, відтік=221
2026-03-24 19:58:06 | INFO     | Навчання моделі: Random Forest
2026-03-24 19:58:07 | INFO     | Навчання завершено: AUC=0.6412, Accuracy=0.64 | Звіт: reports\report_20260324_195807.json
2026-03-24 19:58:27 | INFO     | Клієнти: повернуто 500 записів
2026-03-24 19:58:39 | INFO     | Клієнти: повернуто 500 записів
2026-03-24 19:58:40 | INFO     | Дані згенеровано: 300 клієнтів, відтік=138
2026-03-24 19:58:41 | INFO     | Навчання моделі: Random Forest
2026-03-24 19:58:42 | INFO     | Навчання завершено: AUC=0.6496, Accuracy=0.5833 | Звіт: reports\report_20260324_195842.json
2026-03-24 19:59:20 | INFO     | Клієнти: повернуто 300 записів
2026-03-24 19:59:31 | INFO     | Дані згенеровано: 300 клієнтів, відтік=138
2026-03-24 19:59:32 | INFO     | Навчання моделі: Random Forest
2026-03-24 19:59:33 | INFO     | Навчання завершено: AUC=0.6496, Accuracy=0.5833 | Звіт: reports\report_20260324_195933.json
2026-03-24 19:59:42 | INFO     | Клієнти: повернуто 300 записів
2026-03-24 20:00:26 | INFO     | Прогноз: P=0.3200, Ризик=Низький
2026-03-24 22:05:57 | INFO     | Запуск ChurnGuard v1.0.0 → http://127.0.0.1:5000
2026-03-24 22:06:01 | INFO     | Запуск ChurnGuard v1.0.0 → http://127.0.0.1:5000
2026-03-24 22:06:48 | INFO     | Дані згенеровано: 300 клієнтів, відтік=138
2026-03-24 22:06:49 | INFO     | Навчання моделі: Random Forest
2026-03-24 22:06:50 | INFO     | Навчання завершено: AUC=0.6496, Accuracy=0.5833 | Звіт: reports\report_20260324_220650.json
2026-03-24 22:07:08 | INFO     | Клієнти: повернуто 300 записів
